/var/spool/slurmd/job1067402/slurm_script: line 26: .venv/bin/activate: No such file or directory
/home/tt6444/ssm-attention-routing/OLMo/OLMo-base/lib/python3.13/site-packages/transformers/utils/hub.py:111: FutureWarning: Using `TRANSFORMERS_CACHE` is deprecated and will be removed in v5 of Transformers. Use `HF_HOME` instead.
  warnings.warn(
wandb: Tracking run with wandb version 0.22.1
wandb: W&B syncing is set to `offline` in this directory. Run `wandb online` or set WANDB_MODE=online to enable cloud syncing.
wandb: Run data is saved locally in /scratch/gpfs/EHAZAN/tharuntk/OLMo-data/checkpoints/OLMo-small/OLMo2-1B-stage1-10B-tokens/wandb/wandb/offline-run-20250930_042645-efbawa69
/home/tt6444/ssm-attention-routing/OLMo/OLMo-base/lib/python3.13/site-packages/transformers/utils/hub.py:111: FutureWarning: Using `TRANSFORMERS_CACHE` is deprecated and will be removed in v5 of Transformers. Use `HF_HOME` instead.
  warnings.warn(
/home/tt6444/ssm-attention-routing/OLMo/OLMo-base/lib/python3.13/site-packages/transformers/utils/hub.py:111: FutureWarning: Using `TRANSFORMERS_CACHE` is deprecated and will be removed in v5 of Transformers. Use `HF_HOME` instead.
  warnings.warn(
/home/tt6444/ssm-attention-routing/OLMo/OLMo-base/lib/python3.13/site-packages/transformers/utils/hub.py:111: FutureWarning: Using `TRANSFORMERS_CACHE` is deprecated and will be removed in v5 of Transformers. Use `HF_HOME` instead.
  warnings.warn(
/home/tt6444/ssm-attention-routing/OLMo/OLMo-base/lib/python3.13/site-packages/transformers/utils/hub.py:111: FutureWarning: Using `TRANSFORMERS_CACHE` is deprecated and will be removed in v5 of Transformers. Use `HF_HOME` instead.
  warnings.warn(
/home/tt6444/ssm-attention-routing/OLMo/OLMo-base/lib/python3.13/site-packages/transformers/utils/hub.py:111: FutureWarning: Using `TRANSFORMERS_CACHE` is deprecated and will be removed in v5 of Transformers. Use `HF_HOME` instead.
  warnings.warn(
/home/tt6444/ssm-attention-routing/OLMo/OLMo-base/lib/python3.13/site-packages/transformers/utils/hub.py:111: FutureWarning: Using `TRANSFORMERS_CACHE` is deprecated and will be removed in v5 of Transformers. Use `HF_HOME` instead.
  warnings.warn(
/home/tt6444/ssm-attention-routing/OLMo/OLMo-base/lib/python3.13/site-packages/transformers/utils/hub.py:111: FutureWarning: Using `TRANSFORMERS_CACHE` is deprecated and will be removed in v5 of Transformers. Use `HF_HOME` instead.
  warnings.warn(
/home/tt6444/ssm-attention-routing/OLMo/OLMo-base/lib/python3.13/site-packages/transformers/utils/hub.py:111: FutureWarning: Using `TRANSFORMERS_CACHE` is deprecated and will be removed in v5 of Transformers. Use `HF_HOME` instead.
  warnings.warn(
/home/tt6444/ssm-attention-routing/OLMo/OLMo-base/lib/python3.13/site-packages/transformers/utils/hub.py:111: FutureWarning: Using `TRANSFORMERS_CACHE` is deprecated and will be removed in v5 of Transformers. Use `HF_HOME` instead.
  warnings.warn(
/home/tt6444/ssm-attention-routing/OLMo/OLMo-base/lib/python3.13/site-packages/transformers/utils/hub.py:111: FutureWarning: Using `TRANSFORMERS_CACHE` is deprecated and will be removed in v5 of Transformers. Use `HF_HOME` instead.
  warnings.warn(
/home/tt6444/ssm-attention-routing/OLMo/OLMo-base/lib/python3.13/site-packages/transformers/utils/hub.py:111: FutureWarning: Using `TRANSFORMERS_CACHE` is deprecated and will be removed in v5 of Transformers. Use `HF_HOME` instead.
  warnings.warn(
/home/tt6444/ssm-attention-routing/OLMo/OLMo-base/lib/python3.13/site-packages/transformers/utils/hub.py:111: FutureWarning: Using `TRANSFORMERS_CACHE` is deprecated and will be removed in v5 of Transformers. Use `HF_HOME` instead.
  warnings.warn(
/home/tt6444/ssm-attention-routing/OLMo/OLMo-base/lib/python3.13/site-packages/transformers/utils/hub.py:111: FutureWarning: Using `TRANSFORMERS_CACHE` is deprecated and will be removed in v5 of Transformers. Use `HF_HOME` instead.
  warnings.warn(
/home/tt6444/ssm-attention-routing/OLMo/OLMo-base/lib/python3.13/site-packages/transformers/utils/hub.py:111: FutureWarning: Using `TRANSFORMERS_CACHE` is deprecated and will be removed in v5 of Transformers. Use `HF_HOME` instead.
  warnings.warn(
/home/tt6444/ssm-attention-routing/OLMo/OLMo-base/lib/python3.13/site-packages/transformers/utils/hub.py:111: FutureWarning: Using `TRANSFORMERS_CACHE` is deprecated and will be removed in v5 of Transformers. Use `HF_HOME` instead.
  warnings.warn(
/home/tt6444/ssm-attention-routing/OLMo/OLMo-base/lib/python3.13/site-packages/transformers/utils/hub.py:111: FutureWarning: Using `TRANSFORMERS_CACHE` is deprecated and will be removed in v5 of Transformers. Use `HF_HOME` instead.
  warnings.warn(
/home/tt6444/ssm-attention-routing/OLMo/OLMo-base/lib/python3.13/site-packages/transformers/utils/hub.py:111: FutureWarning: Using `TRANSFORMERS_CACHE` is deprecated and will be removed in v5 of Transformers. Use `HF_HOME` instead.
  warnings.warn(
/home/tt6444/ssm-attention-routing/OLMo/OLMo-base/lib/python3.13/site-packages/transformers/utils/hub.py:111: FutureWarning: Using `TRANSFORMERS_CACHE` is deprecated and will be removed in v5 of Transformers. Use `HF_HOME` instead.
  warnings.warn(
/home/tt6444/ssm-attention-routing/OLMo/OLMo-base/lib/python3.13/site-packages/transformers/utils/hub.py:111: FutureWarning: Using `TRANSFORMERS_CACHE` is deprecated and will be removed in v5 of Transformers. Use `HF_HOME` instead.
  warnings.warn(
/home/tt6444/ssm-attention-routing/OLMo/OLMo-base/lib/python3.13/site-packages/transformers/utils/hub.py:111: FutureWarning: Using `TRANSFORMERS_CACHE` is deprecated and will be removed in v5 of Transformers. Use `HF_HOME` instead.
  warnings.warn(
/home/tt6444/ssm-attention-routing/OLMo/OLMo-base/lib/python3.13/site-packages/transformers/utils/hub.py:111: FutureWarning: Using `TRANSFORMERS_CACHE` is deprecated and will be removed in v5 of Transformers. Use `HF_HOME` instead.
  warnings.warn(
/home/tt6444/ssm-attention-routing/OLMo/OLMo-base/lib/python3.13/site-packages/transformers/utils/hub.py:111: FutureWarning: Using `TRANSFORMERS_CACHE` is deprecated and will be removed in v5 of Transformers. Use `HF_HOME` instead.
  warnings.warn(
/home/tt6444/ssm-attention-routing/OLMo/OLMo-base/lib/python3.13/site-packages/transformers/utils/hub.py:111: FutureWarning: Using `TRANSFORMERS_CACHE` is deprecated and will be removed in v5 of Transformers. Use `HF_HOME` instead.
  warnings.warn(
/home/tt6444/ssm-attention-routing/OLMo/OLMo-base/lib/python3.13/site-packages/transformers/utils/hub.py:111: FutureWarning: Using `TRANSFORMERS_CACHE` is deprecated and will be removed in v5 of Transformers. Use `HF_HOME` instead.
  warnings.warn(
/home/tt6444/ssm-attention-routing/OLMo/OLMo-base/lib/python3.13/site-packages/transformers/utils/hub.py:111: FutureWarning: Using `TRANSFORMERS_CACHE` is deprecated and will be removed in v5 of Transformers. Use `HF_HOME` instead.
  warnings.warn(
/home/tt6444/ssm-attention-routing/OLMo/OLMo-base/lib/python3.13/site-packages/transformers/utils/hub.py:111: FutureWarning: Using `TRANSFORMERS_CACHE` is deprecated and will be removed in v5 of Transformers. Use `HF_HOME` instead.
  warnings.warn(
/home/tt6444/ssm-attention-routing/OLMo/OLMo-base/lib/python3.13/site-packages/transformers/utils/hub.py:111: FutureWarning: Using `TRANSFORMERS_CACHE` is deprecated and will be removed in v5 of Transformers. Use `HF_HOME` instead.
  warnings.warn(
/home/tt6444/ssm-attention-routing/OLMo/OLMo-base/lib/python3.13/site-packages/transformers/utils/hub.py:111: FutureWarning: Using `TRANSFORMERS_CACHE` is deprecated and will be removed in v5 of Transformers. Use `HF_HOME` instead.
  warnings.warn(
/home/tt6444/ssm-attention-routing/OLMo/OLMo-base/lib/python3.13/site-packages/transformers/utils/hub.py:111: FutureWarning: Using `TRANSFORMERS_CACHE` is deprecated and will be removed in v5 of Transformers. Use `HF_HOME` instead.
  warnings.warn(
/home/tt6444/ssm-attention-routing/OLMo/OLMo-base/lib/python3.13/site-packages/transformers/utils/hub.py:111: FutureWarning: Using `TRANSFORMERS_CACHE` is deprecated and will be removed in v5 of Transformers. Use `HF_HOME` instead.
  warnings.warn(
/home/tt6444/ssm-attention-routing/OLMo/OLMo-base/lib/python3.13/site-packages/transformers/utils/hub.py:111: FutureWarning: Using `TRANSFORMERS_CACHE` is deprecated and will be removed in v5 of Transformers. Use `HF_HOME` instead.
  warnings.warn(
/home/tt6444/ssm-attention-routing/OLMo/OLMo-base/lib/python3.13/site-packages/transformers/utils/hub.py:111: FutureWarning: Using `TRANSFORMERS_CACHE` is deprecated and will be removed in v5 of Transformers. Use `HF_HOME` instead.
  warnings.warn(
wandb: WARNING The `quiet` argument to `wandb.run.finish()` is deprecated, use `wandb.Settings(quiet=...)` to set this instead.
wandb: 
wandb: Run history:
wandb: System/Peak GPU Memory (MB) ▁
wandb: 
wandb: Run summary:
wandb: System/Peak GPU Memory (MB) 11883.53125
wandb: 
wandb: You can sync this run to the cloud by running:
wandb: wandb sync /scratch/gpfs/EHAZAN/tharuntk/OLMo-data/checkpoints/OLMo-small/OLMo2-1B-stage1-10B-tokens/wandb/wandb/offline-run-20250930_042645-efbawa69
wandb: Find logs at: /scratch/gpfs/EHAZAN/tharuntk/OLMo-data/checkpoints/OLMo-small/OLMo2-1B-stage1-10B-tokens/wandb/wandb/offline-run-20250930_042645-efbawa69/logs
Traceback (most recent call last):
  File "/home/tt6444/ssm-attention-routing/OLMo/scripts/train.py", line 436, in <module>
    main(cfg)
    ~~~~^^^^^
  File "/home/tt6444/ssm-attention-routing/OLMo/scripts/train.py", line 376, in main
    trainer.fit()
    ~~~~~~~~~~~^^
  File "/home/tt6444/ssm-attention-routing/OLMo/olmo/train.py", line 1226, in fit
    metrics = self.train_step(batch, reduce_global_loss=should_log_this_step)
  File "/home/tt6444/ssm-attention-routing/OLMo/olmo/train.py", line 851, in train_step
    ce_batch_loss, z_batch_loss = self.train_batch(batch)
                                  ~~~~~~~~~~~~~~~~^^^^^^^
  File "/home/tt6444/ssm-attention-routing/OLMo/olmo/train.py", line 824, in train_batch
    loss.backward()
    ~~~~~~~~~~~~~^^
  File "/home/tt6444/ssm-attention-routing/OLMo/OLMo-base/lib/python3.13/site-packages/torch/_tensor.py", line 647, in backward
    torch.autograd.backward(
    ~~~~~~~~~~~~~~~~~~~~~~~^
        self, gradient, retain_graph, create_graph, inputs=inputs
        ^^^^^^^^^^^^^^^^^^^^^^^^^^^^^^^^^^^^^^^^^^^^^^^^^^^^^^^^^
    )
    ^
  File "/home/tt6444/ssm-attention-routing/OLMo/OLMo-base/lib/python3.13/site-packages/torch/autograd/__init__.py", line 354, in backward
    _engine_run_backward(
    ~~~~~~~~~~~~~~~~~~~~^
        tensors,
        ^^^^^^^^
    ...<5 lines>...
        accumulate_grad=True,
        ^^^^^^^^^^^^^^^^^^^^^
    )
    ^
  File "/home/tt6444/ssm-attention-routing/OLMo/OLMo-base/lib/python3.13/site-packages/torch/autograd/graph.py", line 829, in _engine_run_backward
    return Variable._execution_engine.run_backward(  # Calls into the C++ engine to run the backward pass
           ~~~~~~~~~~~~~~~~~~~~~~~~~~~~~~~~~~~~~~~^^^^^^^^^^^^^^^^^^^^^^^^^^^^^^^^^^^^^^^^^^^^^^^^^^^^^^^
        t_outputs, *args, **kwargs
        ^^^^^^^^^^^^^^^^^^^^^^^^^^
    )  # Calls into the C++ engine to run the backward pass
    ^
torch.OutOfMemoryError: CUDA out of memory. Tried to allocate 6.12 GiB. GPU 0 has a total capacity of 79.25 GiB of which 3.23 GiB is free. Including non-PyTorch memory, this process has 76.01 GiB memory in use. Of the allocated memory 74.93 GiB is allocated by PyTorch, and 138.52 MiB is reserved by PyTorch but unallocated. If reserved but unallocated memory is large try setting PYTORCH_CUDA_ALLOC_CONF=expandable_segments:True to avoid fragmentation.  See documentation for Memory Management  (https://pytorch.org/docs/stable/notes/cuda.html#environment-variables)
E0930 04:31:21.671000 3065842 torch/distributed/elastic/multiprocessing/api.py:874] failed (exitcode: 1) local_rank: 0 (pid: 3065845) of binary: /home/tt6444/ssm-attention-routing/OLMo/OLMo-base/bin/python3
Traceback (most recent call last):
  File "/home/tt6444/ssm-attention-routing/OLMo/OLMo-base/bin/torchrun", line 10, in <module>
    sys.exit(main())
             ~~~~^^
  File "/home/tt6444/ssm-attention-routing/OLMo/OLMo-base/lib/python3.13/site-packages/torch/distributed/elastic/multiprocessing/errors/__init__.py", line 357, in wrapper
    return f(*args, **kwargs)
  File "/home/tt6444/ssm-attention-routing/OLMo/OLMo-base/lib/python3.13/site-packages/torch/distributed/run.py", line 901, in main
    run(args)
    ~~~^^^^^^
  File "/home/tt6444/ssm-attention-routing/OLMo/OLMo-base/lib/python3.13/site-packages/torch/distributed/run.py", line 892, in run
    elastic_launch(
    ~~~~~~~~~~~~~~~
        config=config,
        ~~~~~~~~~~~~~~
        entrypoint=cmd,
        ~~~~~~~~~~~~~~~
    )(*cmd_args)
    ~^^^^^^^^^^^
  File "/home/tt6444/ssm-attention-routing/OLMo/OLMo-base/lib/python3.13/site-packages/torch/distributed/launcher/api.py", line 143, in __call__
    return launch_agent(self._config, self._entrypoint, list(args))
  File "/home/tt6444/ssm-attention-routing/OLMo/OLMo-base/lib/python3.13/site-packages/torch/distributed/launcher/api.py", line 277, in launch_agent
    raise ChildFailedError(
    ...<2 lines>...
    )
torch.distributed.elastic.multiprocessing.errors.ChildFailedError: 
============================================================
scripts/train.py FAILED
------------------------------------------------------------
Failures:
  <NO_OTHER_FAILURES>
------------------------------------------------------------
Root Cause (first observed failure):
[0]:
  time      : 2025-09-30_04:31:21
  host      : della-l02g15
  rank      : 0 (local_rank: 0)
  exitcode  : 1 (pid: 3065845)
  error_file: <N/A>
  traceback : To enable traceback see: https://pytorch.org/docs/stable/elastic/errors.html
============================================================
