Starting job 1067402 on della-l02g15 at Tue Sep 30 04:22:28 AM EDT 2025
Running on nodes: della-l02g15
Number of GPUs: 1
Activating uv environment: OLMo-base
WandB will log offline to: /home/tt6444/ssm-attention-routing/OLMo/wandb_offline
Python version: Python 3.13.7
PyTorch version: 2.8.0+cu128
CUDA available: True
GPU count: 1
Starting training at Tue Sep 30 04:24:02 AM EDT 2025
2025-09-30 04:26:45.450	della-l02g15:0	train:417	INFO	CLI environment prepared
2025-09-30 04:26:45.767	della-l02g15:0	train:97	INFO	Configuration:
2025-09-30 04:26:45.767	della-l02g15:0	train:98	INFO	TrainConfig(run_name='OLMo2-1B-stage1-10B-tokens', seed=6198, epoch=None, dry_run=False, model=ModelConfig(d_model=2048, n_heads=16, n_kv_heads=None, clip_qkv=None, n_layers=16, mlp_ratio=8, mlp_hidden_size=None, activation_type='swiglu', block_type='sequential', block_group_size=1, alibi=False, alibi_bias_max=8.0, rope=True, rope_full_precision=True, rope_theta=500000, flash_attention=True, attention_dropout=0.0, multi_query_attention=None, attention_layer_norm=True, residual_dropout=0.0, embedding_dropout=0.0, embedding_layer_norm=False, layer_norm_type='rms', layer_norm_with_affine=True, layer_norm_eps=1e-06, attention_layer_norm_with_affine=True, max_sequence_length=4096, include_bias=False, bias_for_layer_norm=False, scale_logits=False, vocab_size=100278, embedding_size=100352, weight_tying=False, eos_token_id=100257, pad_token_id=100277, init_device='meta', init_fn='normal', init_std=0.02, init_cutoff_factor=3.0, precision='amp_bf16', scale_emb_init=False, emb_init_std=None, norm_after=True), optimizer=OptimizerConfig(name='adamw', learning_rate=0.0004, weight_decay=0.1, betas=(0.9, 0.95), eps=1e-08, no_decay_norm_and_bias=None, selective_updates=False, decay_norm_and_bias=True, decay_embeddings=False, metrics_log_interval=1, record_update_metrics=False), scheduler=SchedulerConfig(name='cosine_with_warmup', units='tokens', t_warmup=8388608000, t_max=5000000000000.0, alpha_f=0.1, grad_clip_warmup_steps=None, grad_clip_warmup_factor=None, warmup_min_lr=0.0), data=DataConfig(paths=['/scratch/gpfs/EHAZAN/tharuntk/OLMo-data/preprocessed/proof-pile-2/v0_decontaminated/algebraic-stack/train/allenai/dolma2-tokenizer/part-00-00000.npy', '/scratch/gpfs/EHAZAN/tharuntk/OLMo-data/preprocessed/proof-pile-2/v0_decontaminated/algebraic-stack/train/allenai/dolma2-tokenizer/part-01-00000.npy', '/scratch/gpfs/EHAZAN/tharuntk/OLMo-data/preprocessed/proof-pile-2/v0_decontaminated/arxiv/train/allenai/dolma2-tokenizer/part-00-00000.npy', '/scratch/gpfs/EHAZAN/tharuntk/OLMo-data/preprocessed/proof-pile-2/v0_decontaminated/arxiv/train/allenai/dolma2-tokenizer/part-01-00000.npy', '/scratch/gpfs/EHAZAN/tharuntk/OLMo-data/preprocessed/proof-pile-2/v0_decontaminated/open-web-math/train/allenai/dolma2-tokenizer/part-00-00000.npy', '/scratch/gpfs/EHAZAN/tharuntk/OLMo-data/preprocessed/proof-pile-2/v0_decontaminated/open-web-math/train/allenai/dolma2-tokenizer/part-01-00000.npy', '/scratch/gpfs/EHAZAN/tharuntk/OLMo-data/preprocessed/pes2o/allenai/dolma2-tokenizer/part-00-00000.npy', '/scratch/gpfs/EHAZAN/tharuntk/OLMo-data/preprocessed/pes2o/allenai/dolma2-tokenizer/part-01-00000.npy', '/scratch/gpfs/EHAZAN/tharuntk/OLMo-data/preprocessed/starcoder/v1-decon-100_to_20k-2star-top_token_030/allenai/dolma2-tokenizer/part-000-00000.npy', '/scratch/gpfs/EHAZAN/tharuntk/OLMo-data/preprocessed/starcoder/v1-decon-100_to_20k-2star-top_token_030/allenai/dolma2-tokenizer/part-001-00000.npy', '/scratch/gpfs/EHAZAN/tharuntk/OLMo-data/preprocessed/dclm/text_openhermes_reddit_eli5_vs_rw_v2_bigram_200k_train/allenai/dolma2-tokenizer/part-000-00000.npy', '/scratch/gpfs/EHAZAN/tharuntk/OLMo-data/preprocessed/dclm/text_openhermes_reddit_eli5_vs_rw_v2_bigram_200k_train/allenai/dolma2-tokenizer/part-000-00001.npy', '/scratch/gpfs/EHAZAN/tharuntk/OLMo-data/preprocessed/olmo-mix/danyh-compiled-v1_7/documents/wiki/allenai/dolma2-tokenizer/part-0-00000.npy', '/scratch/gpfs/EHAZAN/tharuntk/OLMo-data/preprocessed/olmo-mix/danyh-compiled-v1_7/documents/wiki/allenai/dolma2-tokenizer/part-1-00000.npy'], memmap_dtype='uint32', datasets=None, label_mask_paths=None, pad_direction='right', generate_attention_mask=False, generate_doc_lengths=False, num_workers=32, drop_last=True, pin_memory=True, prefetch_factor=8, persistent_workers=True, timeout=0, seed=None, instance_filter=InstanceFilterConfig(repetition_max_period=13, repetition_min_period=1, repetition_max_count=32), custom_dataset=None), restore_dataloader=True, fast_forward_batches=None, evaluators=[EvaluatorConfig(label='piqa', type='downstream', data=DataConfig(paths=None, memmap_dtype='uint16', datasets=None, label_mask_paths=None, pad_direction='right', generate_attention_mask=False, generate_doc_lengths=False, num_workers=0, drop_last=False, pin_memory=False, prefetch_factor=None, persistent_workers=False, timeout=0, seed=None, instance_filter=None, custom_dataset=None), device_eval_batch_size=None, subset_num_batches=None), EvaluatorConfig(label='hellaswag', type='downstream', data=DataConfig(paths=None, memmap_dtype='uint16', datasets=None, label_mask_paths=None, pad_direction='right', generate_attention_mask=False, generate_doc_lengths=False, num_workers=0, drop_last=False, pin_memory=False, prefetch_factor=None, persistent_workers=False, timeout=0, seed=None, instance_filter=None, custom_dataset=None), device_eval_batch_size=None, subset_num_batches=None), EvaluatorConfig(label='winogrande', type='downstream', data=DataConfig(paths=None, memmap_dtype='uint16', datasets=None, label_mask_paths=None, pad_direction='right', generate_attention_mask=False, generate_doc_lengths=False, num_workers=0, drop_last=False, pin_memory=False, prefetch_factor=None, persistent_workers=False, timeout=0, seed=None, instance_filter=None, custom_dataset=None), device_eval_batch_size=None, subset_num_batches=None), EvaluatorConfig(label='openbook_qa', type='downstream', data=DataConfig(paths=None, memmap_dtype='uint16', datasets=None, label_mask_paths=None, pad_direction='right', generate_attention_mask=False, generate_doc_lengths=False, num_workers=0, drop_last=False, pin_memory=False, prefetch_factor=None, persistent_workers=False, timeout=0, seed=None, instance_filter=None, custom_dataset=None), device_eval_batch_size=None, subset_num_batches=None), EvaluatorConfig(label='boolq', type='downstream', data=DataConfig(paths=None, memmap_dtype='uint16', datasets=None, label_mask_paths=None, pad_direction='right', generate_attention_mask=False, generate_doc_lengths=False, num_workers=0, drop_last=False, pin_memory=False, prefetch_factor=None, persistent_workers=False, timeout=0, seed=None, instance_filter=None, custom_dataset=None), device_eval_batch_size=None, subset_num_batches=None), EvaluatorConfig(label='sciq', type='downstream', data=DataConfig(paths=None, memmap_dtype='uint16', datasets=None, label_mask_paths=None, pad_direction='right', generate_attention_mask=False, generate_doc_lengths=False, num_workers=0, drop_last=False, pin_memory=False, prefetch_factor=None, persistent_workers=False, timeout=0, seed=None, instance_filter=None, custom_dataset=None), device_eval_batch_size=None, subset_num_batches=None), EvaluatorConfig(label='arc_easy', type='downstream', data=DataConfig(paths=None, memmap_dtype='uint16', datasets=None, label_mask_paths=None, pad_direction='right', generate_attention_mask=False, generate_doc_lengths=False, num_workers=0, drop_last=False, pin_memory=False, prefetch_factor=None, persistent_workers=False, timeout=0, seed=None, instance_filter=None, custom_dataset=None), device_eval_batch_size=None, subset_num_batches=None), EvaluatorConfig(label='arc_challenge', type='downstream', data=DataConfig(paths=None, memmap_dtype='uint16', datasets=None, label_mask_paths=None, pad_direction='right', generate_attention_mask=False, generate_doc_lengths=False, num_workers=0, drop_last=False, pin_memory=False, prefetch_factor=None, persistent_workers=False, timeout=0, seed=None, instance_filter=None, custom_dataset=None), device_eval_batch_size=None, subset_num_batches=None), EvaluatorConfig(label='copa', type='downstream', data=DataConfig(paths=None, memmap_dtype='uint16', datasets=None, label_mask_paths=None, pad_direction='right', generate_attention_mask=False, generate_doc_lengths=False, num_workers=0, drop_last=False, pin_memory=False, prefetch_factor=None, persistent_workers=False, timeout=0, seed=None, instance_filter=None, custom_dataset=None), device_eval_batch_size=None, subset_num_batches=None), EvaluatorConfig(label='commonsense_qa', type='downstream', data=DataConfig(paths=None, memmap_dtype='uint16', datasets=None, label_mask_paths=None, pad_direction='right', generate_attention_mask=False, generate_doc_lengths=False, num_workers=0, drop_last=False, pin_memory=False, prefetch_factor=None, persistent_workers=False, timeout=0, seed=None, instance_filter=None, custom_dataset=None), device_eval_batch_size=None, subset_num_batches=None), EvaluatorConfig(label='social_iqa', type='downstream', data=DataConfig(paths=None, memmap_dtype='uint16', datasets=None, label_mask_paths=None, pad_direction='right', generate_attention_mask=False, generate_doc_lengths=False, num_workers=0, drop_last=False, pin_memory=False, prefetch_factor=None, persistent_workers=False, timeout=0, seed=None, instance_filter=None, custom_dataset=None), device_eval_batch_size=None, subset_num_batches=None), EvaluatorConfig(label='mmlu_stem_var', type='downstream', data=DataConfig(paths=None, memmap_dtype='uint16', datasets=None, label_mask_paths=None, pad_direction='right', generate_attention_mask=False, generate_doc_lengths=False, num_workers=0, drop_last=False, pin_memory=False, prefetch_factor=None, persistent_workers=False, timeout=0, seed=None, instance_filter=None, custom_dataset=None), device_eval_batch_size=None, subset_num_batches=None), EvaluatorConfig(label='mmlu_humanities_var', type='downstream', data=DataConfig(paths=None, memmap_dtype='uint16', datasets=None, label_mask_paths=None, pad_direction='right', generate_attention_mask=False, generate_doc_lengths=False, num_workers=0, drop_last=False, pin_memory=False, prefetch_factor=None, persistent_workers=False, timeout=0, seed=None, instance_filter=None, custom_dataset=None), device_eval_batch_size=None, subset_num_batches=None), EvaluatorConfig(label='mmlu_social_sciences_var', type='downstream', data=DataConfig(paths=None, memmap_dtype='uint16', datasets=None, label_mask_paths=None, pad_direction='right', generate_attention_mask=False, generate_doc_lengths=False, num_workers=0, drop_last=False, pin_memory=False, prefetch_factor=None, persistent_workers=False, timeout=0, seed=None, instance_filter=None, custom_dataset=None), device_eval_batch_size=None, subset_num_batches=None), EvaluatorConfig(label='mmlu_other_var', type='downstream', data=DataConfig(paths=None, memmap_dtype='uint16', datasets=None, label_mask_paths=None, pad_direction='right', generate_attention_mask=False, generate_doc_lengths=False, num_workers=0, drop_last=False, pin_memory=False, prefetch_factor=None, persistent_workers=False, timeout=0, seed=None, instance_filter=None, custom_dataset=None), device_eval_batch_size=None, subset_num_batches=None), EvaluatorConfig(label='mmlu_stem_mc_5shot', type='downstream', data=DataConfig(paths=None, memmap_dtype='uint16', datasets=None, label_mask_paths=None, pad_direction='right', generate_attention_mask=False, generate_doc_lengths=False, num_workers=0, drop_last=False, pin_memory=False, prefetch_factor=None, persistent_workers=False, timeout=0, seed=None, instance_filter=None, custom_dataset=None), device_eval_batch_size=None, subset_num_batches=None), EvaluatorConfig(label='mmlu_humanities_mc_5shot', type='downstream', data=DataConfig(paths=None, memmap_dtype='uint16', datasets=None, label_mask_paths=None, pad_direction='right', generate_attention_mask=False, generate_doc_lengths=False, num_workers=0, drop_last=False, pin_memory=False, prefetch_factor=None, persistent_workers=False, timeout=0, seed=None, instance_filter=None, custom_dataset=None), device_eval_batch_size=None, subset_num_batches=None), EvaluatorConfig(label='mmlu_social_sciences_mc_5shot', type='downstream', data=DataConfig(paths=None, memmap_dtype='uint16', datasets=None, label_mask_paths=None, pad_direction='right', generate_attention_mask=False, generate_doc_lengths=False, num_workers=0, drop_last=False, pin_memory=False, prefetch_factor=None, persistent_workers=False, timeout=0, seed=None, instance_filter=None, custom_dataset=None), device_eval_batch_size=None, subset_num_batches=None), EvaluatorConfig(label='mmlu_other_mc_5shot', type='downstream', data=DataConfig(paths=None, memmap_dtype='uint16', datasets=None, label_mask_paths=None, pad_direction='right', generate_attention_mask=False, generate_doc_lengths=False, num_workers=0, drop_last=False, pin_memory=False, prefetch_factor=None, persistent_workers=False, timeout=0, seed=None, instance_filter=None, custom_dataset=None), device_eval_batch_size=None, subset_num_batches=None), EvaluatorConfig(label='mmlu_stem_mc_5shot_test', type='downstream', data=DataConfig(paths=None, memmap_dtype='uint16', datasets=None, label_mask_paths=None, pad_direction='right', generate_attention_mask=False, generate_doc_lengths=False, num_workers=0, drop_last=False, pin_memory=False, prefetch_factor=None, persistent_workers=False, timeout=0, seed=None, instance_filter=None, custom_dataset=None), device_eval_batch_size=None, subset_num_batches=None), EvaluatorConfig(label='mmlu_humanities_mc_5shot_test', type='downstream', data=DataConfig(paths=None, memmap_dtype='uint16', datasets=None, label_mask_paths=None, pad_direction='right', generate_attention_mask=False, generate_doc_lengths=False, num_workers=0, drop_last=False, pin_memory=False, prefetch_factor=None, persistent_workers=False, timeout=0, seed=None, instance_filter=None, custom_dataset=None), device_eval_batch_size=None, subset_num_batches=None), EvaluatorConfig(label='mmlu_social_sciences_mc_5shot_test', type='downstream', data=DataConfig(paths=None, memmap_dtype='uint16', datasets=None, label_mask_paths=None, pad_direction='right', generate_attention_mask=False, generate_doc_lengths=False, num_workers=0, drop_last=False, pin_memory=False, prefetch_factor=None, persistent_workers=False, timeout=0, seed=None, instance_filter=None, custom_dataset=None), device_eval_batch_size=None, subset_num_batches=None), EvaluatorConfig(label='mmlu_other_mc_5shot_test', type='downstream', data=DataConfig(paths=None, memmap_dtype='uint16', datasets=None, label_mask_paths=None, pad_direction='right', generate_attention_mask=False, generate_doc_lengths=False, num_workers=0, drop_last=False, pin_memory=False, prefetch_factor=None, persistent_workers=False, timeout=0, seed=None, instance_filter=None, custom_dataset=None), device_eval_batch_size=None, subset_num_batches=None), EvaluatorConfig(label='basic_arithmetic', type='downstream', data=DataConfig(paths=None, memmap_dtype='uint16', datasets=None, label_mask_paths=None, pad_direction='right', generate_attention_mask=False, generate_doc_lengths=False, num_workers=0, drop_last=False, pin_memory=False, prefetch_factor=None, persistent_workers=False, timeout=0, seed=None, instance_filter=None, custom_dataset=None), device_eval_batch_size=None, subset_num_batches=None), EvaluatorConfig(label='trivia_qa_wiki_ppl', type='downstream', data=DataConfig(paths=None, memmap_dtype='uint16', datasets=None, label_mask_paths=None, pad_direction='right', generate_attention_mask=False, generate_doc_lengths=False, num_workers=0, drop_last=False, pin_memory=False, prefetch_factor=None, persistent_workers=False, timeout=0, seed=None, instance_filter=None, custom_dataset=None), device_eval_batch_size=None, subset_num_batches=None), EvaluatorConfig(label='natural_qs_open_ppl', type='downstream', data=DataConfig(paths=None, memmap_dtype='uint16', datasets=None, label_mask_paths=None, pad_direction='right', generate_attention_mask=False, generate_doc_lengths=False, num_workers=0, drop_last=False, pin_memory=False, prefetch_factor=None, persistent_workers=False, timeout=0, seed=None, instance_filter=None, custom_dataset=None), device_eval_batch_size=None, subset_num_batches=None), EvaluatorConfig(label='arc_easy_ppl', type='downstream', data=DataConfig(paths=None, memmap_dtype='uint16', datasets=None, label_mask_paths=None, pad_direction='right', generate_attention_mask=False, generate_doc_lengths=False, num_workers=0, drop_last=False, pin_memory=False, prefetch_factor=None, persistent_workers=False, timeout=0, seed=None, instance_filter=None, custom_dataset=None), device_eval_batch_size=None, subset_num_batches=None)], eval_interval=100, tokenizer=TokenizerConfig(identifier='tokenizers/allenai_dolma2.json', truncate_direction='right'), save_folder='/scratch/gpfs/EHAZAN/tharuntk/OLMo-data/checkpoints/OLMo-small/OLMo2-1B-stage1-10B-tokens', remote_save_folder=None, canceled_check_interval=50, save_interval=100, save_interval_unsharded=1000, save_interval_ephemeral=1000, save_num_checkpoints_to_keep=0, save_num_unsharded_checkpoints_to_keep=-1, save_overwrite=True, force_save_unsharded=False, no_pre_train_checkpoint=False, load_path=None, load_path_sharded_checkpointer=None, try_load_latest_save=False, reset_optimizer_state=False, reset_trainer_state=False, sharded_checkpointer='olmo_core', new_style_checkpoints=None, max_duration='10e9T', global_train_batch_size=512, device_train_batch_size=512, device_train_microbatch_size=4, device_eval_batch_size=4, eval_subset_num_batches=-1, eval_on_load=False, device_train_grad_accum=128, max_grad_norm=1.0, max_grad_norm_ratio=None, precision='amp_bf16', wandb=WandbConfig(project='olmo-test', entity='tharuntk-princeton-princeton-university', group='OLMo2-1B-stage1-10B-tokens', name='OLMo2-1B-stage1-10B-tokens', tags=['watching'], log_artifacts=False, rank_zero_only=True, log_interval=1), speed_monitor=SpeedMonitorConfig(window_size=1, gpu_flops_available=None), console_log_interval=1, gen1_gc_interval=10, compile=None, distributed_strategy='fsdp', fsdp=FSDPConfig(use_orig_params=True, sharding_strategy=<ShardingStrategy.SHARD_GRAD_OP: 2>, wrapping_strategy=None, precision='mixed', hybrid_sharding_num_model_replicas=None), ddp=None, single=SingleGPUConfig(device='auto'), softmax_auxiliary_loss=True, auxiliary_loss_multiplier=1e-05, time_limit=None, extra_steps_after_cancel=10, early_stopping_factor=None, save_data_indices=True, python_profiling=False, torch_profiling=False, stop_at=None, stop_after=None, activation_checkpointing=None, fused_loss=False, hf_datasets_cache_dir=None, module_outputs_save_steps=None)
2025-09-30 04:26:45.774	della-l02g15:0	train:105	INFO	Saving config to /scratch/gpfs/EHAZAN/tharuntk/OLMo-data/checkpoints/OLMo-small/OLMo2-1B-stage1-10B-tokens/config.yaml
2025-09-30 04:26:57.696	della-l02g15:0	olmo.data.iterable_dataset:79	INFO	Saving global data order indices...
2025-09-30 04:26:57.874	della-l02g15:0	olmo.data.iterable_dataset:88	INFO	Global data order indices saved to '/scratch/gpfs/EHAZAN/tharuntk/OLMo-data/checkpoints/OLMo-small/OLMo2-1B-stage1-10B-tokens/train_data/global_indices.npy'
2025-09-30 04:26:57.902	della-l02g15:0	py.warnings:110	WARNING	/home/tt6444/ssm-attention-routing/OLMo/OLMo-base/lib/python3.13/site-packages/torch/utils/data/dataloader.py:627: UserWarning: This DataLoader will create 32 worker processes in total. Our suggested max number of worker in current system is 12, which is smaller than what this DataLoader is going to create. Please be aware that excessive worker creation might get DataLoader running slow or even freeze, lower the worker number to avoid potential slowness/freeze if necessary.
  warnings.warn(

2025-09-30 04:27:54.423	della-l02g15:0	train:139	INFO	Building model...
2025-09-30 04:27:56.459	della-l02g15:0	train:141	INFO	Total number of parameters: 1,484,916,736
2025-09-30 04:27:56.459	della-l02g15:0	train:142	INFO	Number of non-embedding parameters: 1,279,395,840
2025-09-30 04:27:56.460	della-l02g15:0	train:143	INFO	Peak GPU Memory (MB) before fsdp: 7
2025-09-30 04:27:56.460	della-l02g15:0	train:172	INFO	Wrapping model with FSDP...
2025-09-30 04:27:56.471	della-l02g15:0	py.warnings:110	WARNING	/home/tt6444/ssm-attention-routing/OLMo/OLMo-base/lib/python3.13/site-packages/torch/distributed/fsdp/_init_utils.py:430: UserWarning: FSDP is switching to use `NO_SHARD` instead of ShardingStrategy.SHARD_GRAD_OP since the world size is 1.
  warnings.warn(

2025-09-30 04:27:56.547	della-l02g15:0	olmo.model:1174	INFO	Initializing model parameters...
2025-09-30 04:27:57.810	della-l02g15:0	train:232	INFO	Peak GPU Memory (MB) after fsdp: 11883
2025-09-30 04:27:57.810	della-l02g15:0	train:233	INFO	Model:
2025-09-30 04:27:57.810	della-l02g15:0	train:234	INFO	FullyShardedDataParallel(
  (_fsdp_wrapped_module): OLMo(
    (transformer): ModuleDict(
      (wte): Embedding(100352, 2048)
      (emb_drop): Dropout(p=0.0, inplace=False)
      (ln_f): RMSLayerNorm()
      (blocks): ModuleList(
        (0-15): 16 x OLMoSequentialBlock(
          (dropout): Dropout(p=0.0, inplace=False)
          (k_norm): RMSLayerNorm()
          (q_norm): RMSLayerNorm()
          (act): SwiGLU()
          (attn_out): Linear(in_features=2048, out_features=2048, bias=False)
          (ff_out): Linear(in_features=8192, out_features=2048, bias=False)
          (rotary_emb): RotaryEmbedding()
          (att_proj): Linear(in_features=2048, out_features=6144, bias=False)
          (ff_proj): Linear(in_features=2048, out_features=16384, bias=False)
          (attn_norm): RMSLayerNorm()
          (ff_norm): RMSLayerNorm()
        )
      )
      (ff_out): Linear(in_features=2048, out_features=100352, bias=False)
    )
  )
)
2025-09-30 04:27:57.813	della-l02g15:0	olmo.optim:944	INFO	Constructing optimizer with 2 param groups
2025-09-30 04:27:57.815	della-l02g15:0	train:335	INFO	Saving pre-train checkpoint...
2025-09-30 04:27:57.834	della-l02g15:0	py.warnings:110	WARNING	/home/tt6444/ssm-attention-routing/OLMo/OLMo-base/lib/python3.13/site-packages/torch/distributed/fsdp/fully_sharded_data_parallel.py:678: FutureWarning: FSDP.state_dict_type() and FSDP.set_state_dict_type() are being deprecated. Please use APIs, get_state_dict() and set_state_dict(), which can support different parallelisms, FSDP1, FSDP2, DDP. API doc: https://pytorch.org/docs/stable/distributed.checkpoint.html#torch.distributed.checkpoint.state_dict.get_state_dict .Tutorial: https://pytorch.org/tutorials/recipes/distributed_checkpoint_recipe.html .
  warnings.warn(

2025-09-30 04:27:57.842	della-l02g15:0	py.warnings:110	WARNING	/home/tt6444/ssm-attention-routing/OLMo/OLMo-base/lib/python3.13/site-packages/torch/distributed/fsdp/_state_dict_utils.py:763: UserWarning: When using ``NO_SHARD`` for ``ShardingStrategy``, full_state_dict will be returned.
  warnings.warn(

2025-09-30 04:27:57.847	della-l02g15:0	py.warnings:110	WARNING	/home/tt6444/ssm-attention-routing/OLMo/OLMo-base/lib/python3.13/site-packages/torch/distributed/fsdp/_state_dict_utils.py:701: UserWarning: When using ``NO_SHARD`` for ``ShardingStrategy``, full_state_dict will be returned.
  warnings.warn(

2025-09-30 04:27:57.849	della-l02g15:0	olmo.checkpoint:796	INFO	Saving model state...
2025-09-30 04:28:01.905	della-l02g15:0	olmo.checkpoint:811	INFO	Saving optim state...
2025-09-30 04:28:01.906	della-l02g15:0	olmo.checkpoint:669	INFO	Saving trainer state...
2025-09-30 04:28:01.907	della-l02g15:0	olmo.checkpoint:607	INFO	Saving config...
2025-09-30 04:28:02.862	della-l02g15:0	train:337	INFO	Checkpoint saved to /scratch/gpfs/EHAZAN/tharuntk/OLMo-data/checkpoints/OLMo-small/OLMo2-1B-stage1-10B-tokens/step0-unsharded
2025-09-30 04:28:02.863	della-l02g15:0	train:340	INFO	Attempting to load pre-train checkpoint...
2025-09-30 04:28:06.268	della-l02g15:0	olmo.checkpoint:754	INFO	Loading optimizer state turn 0 ...
2025-09-30 04:28:06.269	della-l02g15:0	olmo.checkpoint:220	INFO	Flattening sharded optimizer state...
2025-09-30 04:28:06.996	della-l02g15:0	olmo.checkpoint:234	INFO	Loading flattened optimizer state...
2025-09-30 04:28:08.489	della-l02g15:0	olmo.train:409	INFO	Resetting learning rate...
2025-09-30 04:28:08.490	della-l02g15:0	olmo.train:421	INFO	Restoring RNG states...
2025-09-30 04:28:09.211	della-l02g15:0	train:344	INFO	Checkpoint successfully loaded
2025-09-30 04:28:09.212	della-l02g15:0	train:375	INFO	Starting training...
2025-09-30 04:28:09.213	della-l02g15:0	olmo.train:979	INFO	Pre-train system metrics
    System/Peak GPU Memory (MB)=11,883
2025-09-30 04:28:36.776	della-l02g15:0	olmo.util:168	CRITICAL	Uncaught OutOfMemoryError: CUDA out of memory. Tried to allocate 6.12 GiB. GPU 0 has a total capacity of 79.25 GiB of which 3.23 GiB is free. Including non-PyTorch memory, this process has 76.01 GiB memory in use. Of the allocated memory 74.93 GiB is allocated by PyTorch, and 138.52 MiB is reserved by PyTorch but unallocated. If reserved but unallocated memory is large try setting PYTORCH_CUDA_ALLOC_CONF=expandable_segments:True to avoid fragmentation.  See documentation for Memory Management  (https://pytorch.org/docs/stable/notes/cuda.html#environment-variables)
Traceback (most recent call last):
  File "/home/tt6444/ssm-attention-routing/OLMo/scripts/train.py", line 436, in <module>
    main(cfg)
    ~~~~^^^^^
  File "/home/tt6444/ssm-attention-routing/OLMo/scripts/train.py", line 376, in main
    trainer.fit()
    ~~~~~~~~~~~^^
  File "/home/tt6444/ssm-attention-routing/OLMo/olmo/train.py", line 1226, in fit
    metrics = self.train_step(batch, reduce_global_loss=should_log_this_step)
  File "/home/tt6444/ssm-attention-routing/OLMo/olmo/train.py", line 851, in train_step
    ce_batch_loss, z_batch_loss = self.train_batch(batch)
                                  ~~~~~~~~~~~~~~~~^^^^^^^
  File "/home/tt6444/ssm-attention-routing/OLMo/olmo/train.py", line 824, in train_batch
    loss.backward()
    ~~~~~~~~~~~~~^^
  File "/home/tt6444/ssm-attention-routing/OLMo/OLMo-base/lib/python3.13/site-packages/torch/_tensor.py", line 647, in backward
    torch.autograd.backward(
    ~~~~~~~~~~~~~~~~~~~~~~~^
        self, gradient, retain_graph, create_graph, inputs=inputs
        ^^^^^^^^^^^^^^^^^^^^^^^^^^^^^^^^^^^^^^^^^^^^^^^^^^^^^^^^^
    )
    ^
  File "/home/tt6444/ssm-attention-routing/OLMo/OLMo-base/lib/python3.13/site-packages/torch/autograd/__init__.py", line 354, in backward
    _engine_run_backward(
    ~~~~~~~~~~~~~~~~~~~~^
        tensors,
        ^^^^^^^^
    ...<5 lines>...
        accumulate_grad=True,
        ^^^^^^^^^^^^^^^^^^^^^
    )
    ^
  File "/home/tt6444/ssm-attention-routing/OLMo/OLMo-base/lib/python3.13/site-packages/torch/autograd/graph.py", line 829, in _engine_run_backward
    return Variable._execution_engine.run_backward(  # Calls into the C++ engine to run the backward pass
           ~~~~~~~~~~~~~~~~~~~~~~~~~~~~~~~~~~~~~~~^^^^^^^^^^^^^^^^^^^^^^^^^^^^^^^^^^^^^^^^^^^^^^^^^^^^^^^
        t_outputs, *args, **kwargs
        ^^^^^^^^^^^^^^^^^^^^^^^^^^
    )  # Calls into the C++ engine to run the backward pass
    ^
torch.OutOfMemoryError: CUDA out of memory. Tried to allocate 6.12 GiB. GPU 0 has a total capacity of 79.25 GiB of which 3.23 GiB is free. Including non-PyTorch memory, this process has 76.01 GiB memory in use. Of the allocated memory 74.93 GiB is allocated by PyTorch, and 138.52 MiB is reserved by PyTorch but unallocated. If reserved but unallocated memory is large try setting PYTORCH_CUDA_ALLOC_CONF=expandable_segments:True to avoid fragmentation.  See documentation for Memory Management  (https://pytorch.org/docs/stable/notes/cuda.html#environment-variables)
Job finished at Tue Sep 30 04:31:21 AM EDT 2025
